// Jest Snapshot v1, https://goo.gl/fbAQLP

exports[`render correctly button component 1`] = `
<div
  className="button"
  onClick={[Function]}
>
  
</div>
`;
